::ffff:127.0.0.1 - - [19/Jun/2024:17:49:35 +0000] "POST /api/v1/regester HTTP/1.1" 404 155 "-" "Thunder Client (https://www.thunderclient.com)"
::ffff:127.0.0.1 - - [19/Jun/2024:17:49:59 +0000] "POST /api/v1/auth/regester HTTP/1.1" 404 160 "-" "Thunder Client (https://www.thunderclient.com)"
::ffff:127.0.0.1 - - [19/Jun/2024:17:50:27 +0000] "POST /api/v1/auth/ HTTP/1.1" 200 222 "-" "Thunder Client (https://www.thunderclient.com)"
::ffff:127.0.0.1 - - [19/Jun/2024:17:54:45 +0000] "POST /api/v1/auth/ HTTP/1.1" 429 38 "-" "Thunder Client (https://www.thunderclient.com)"
::ffff:127.0.0.1 - - [19/Jun/2024:17:54:49 +0000] "POST /api/v1/auth/ HTTP/1.1" 429 38 "-" "Thunder Client (https://www.thunderclient.com)"
::ffff:127.0.0.1 - - [19/Jun/2024:17:55:58 +0000] "POST /api/v1/auth/ HTTP/1.1" 500 127 "-" "Thunder Client (https://www.thunderclient.com)"
::ffff:127.0.0.1 - - [19/Jun/2024:17:56:02 +0000] "POST /api/v1/auth/ HTTP/1.1" 500 127 "-" "Thunder Client (https://www.thunderclient.com)"
::ffff:127.0.0.1 - - [19/Jun/2024:17:56:16 +0000] "POST /api/v1/auth/ HTTP/1.1" 200 224 "-" "Thunder Client (https://www.thunderclient.com)"
::ffff:127.0.0.1 - - [19/Jun/2024:17:59:13 +0000] "POST /api/v1/auth/ HTTP/1.1" 500 128 "-" "Thunder Client (https://www.thunderclient.com)"
::ffff:127.0.0.1 - - [19/Jun/2024:18:08:59 +0000] "POST /api/v1/auth/ HTTP/1.1" 500 128 "-" "Thunder Client (https://www.thunderclient.com)"
::1 - - [27/Jun/2024:01:28:19 +0000] "GET / HTTP/1.1" 404 139 "-" "Mozilla/5.0 (X11; Linux x86_64) AppleWebKit/537.36 (KHTML, like Gecko) Chrome/125.0.0.0 Safari/537.36"
::1 - - [27/Jun/2024:01:28:37 +0000] "GET /api/v1/auth HTTP/1.1" 404 150 "-" "Mozilla/5.0 (X11; Linux x86_64) AppleWebKit/537.36 (KHTML, like Gecko) Chrome/125.0.0.0 Safari/537.36"
::1 - - [27/Jun/2024:01:29:52 +0000] "GET /api/v1/blogs HTTP/1.1" 200 6643 "-" "Mozilla/5.0 (X11; Linux x86_64) AppleWebKit/537.36 (KHTML, like Gecko) Chrome/125.0.0.0 Safari/537.36"
::1 - - [27/Jun/2024:01:29:52 +0000] "GET /favicon.ico HTTP/1.1" 404 150 "http://localhost:2030/api/v1/blogs" "Mozilla/5.0 (X11; Linux x86_64) AppleWebKit/537.36 (KHTML, like Gecko) Chrome/125.0.0.0 Safari/537.36"
::ffff:127.0.0.1 - - [27/Jun/2024:01:30:16 +0000] "GET /api/v1/blogs HTTP/1.1" 200 27 "-" "Thunder Client (https://www.thunderclient.com)"
::1 - - [27/Jun/2024:01:30:20 +0000] "GET /api/v1/blogs HTTP/1.1" 200 27 "-" "Mozilla/5.0 (X11; Linux x86_64) AppleWebKit/537.36 (KHTML, like Gecko) Chrome/125.0.0.0 Safari/537.36"
::1 - - [27/Jun/2024:01:30:30 +0000] "GET /api/v1/=auth HTTP/1.1" 404 151 "-" "Mozilla/5.0 (X11; Linux x86_64) AppleWebKit/537.36 (KHTML, like Gecko) Chrome/125.0.0.0 Safari/537.36"
::1 - - [27/Jun/2024:01:30:34 +0000] "GET /api/v1/auth HTTP/1.1" 404 150 "-" "Mozilla/5.0 (X11; Linux x86_64) AppleWebKit/537.36 (KHTML, like Gecko) Chrome/125.0.0.0 Safari/537.36"
::ffff:127.0.0.1 - - [27/Jun/2024:01:30:59 +0000] "POST /api/v1/auth/regester HTTP/1.1" 404 160 "-" "Thunder Client (https://www.thunderclient.com)"
::1 - - [27/Jun/2024:01:31:24 +0000] "GET /api/v1/auth HTTP/1.1" 404 150 "-" "Mozilla/5.0 (X11; Linux x86_64) AppleWebKit/537.36 (KHTML, like Gecko) Chrome/125.0.0.0 Safari/537.36"
::ffff:127.0.0.1 - - [27/Jun/2024:01:31:29 +0000] "POST /api/v1/auth HTTP/1.1" 200 226 "-" "Thunder Client (https://www.thunderclient.com)"
::1 - - [27/Jun/2024:01:31:35 +0000] "GET /api/v1/auth HTTP/1.1" 404 150 "-" "Mozilla/5.0 (X11; Linux x86_64) AppleWebKit/537.36 (KHTML, like Gecko) Chrome/125.0.0.0 Safari/537.36"
::ffff:127.0.0.1 - - [27/Jun/2024:01:32:04 +0000] "POST /api/v1/auth/login HTTP/1.1" 200 203 "-" "Thunder Client (https://www.thunderclient.com)"
::ffff:127.0.0.1 - - [27/Jun/2024:01:37:10 +0000] "POST /api/v1/category HTTP/1.1" 404 155 "-" "Thunder Client (https://www.thunderclient.com)"
::ffff:127.0.0.1 - - [27/Jun/2024:01:37:19 +0000] "POST /api/v1/categories HTTP/1.1" 200 127 "-" "Thunder Client (https://www.thunderclient.com)"
::ffff:127.0.0.1 - - [27/Jun/2024:01:38:13 +0000] "POST /api/v1/blogs HTTP/1.1" 401 51 "-" "Thunder Client (https://www.thunderclient.com)"
::ffff:127.0.0.1 - - [27/Jun/2024:01:38:28 +0000] "POST /api/v1/user HTTP/1.1" 404 151 "-" "Thunder Client (https://www.thunderclient.com)"
::ffff:127.0.0.1 - - [27/Jun/2024:01:38:32 +0000] "GET /api/v1/users HTTP/1.1" 404 151 "-" "Thunder Client (https://www.thunderclient.com)"
::ffff:127.0.0.1 - - [27/Jun/2024:01:38:51 +0000] "POST /api/v1/auth/ HTTP/1.1" 500 133 "-" "Thunder Client (https://www.thunderclient.com)"
::ffff:127.0.0.1 - - [27/Jun/2024:01:39:00 +0000] "POST /api/v1/auth/login HTTP/1.1" 200 203 "-" "Thunder Client (https://www.thunderclient.com)"
::ffff:127.0.0.1 - - [27/Jun/2024:01:39:31 +0000] "POST /api/v1/blogs HTTP/1.1" 401 51 "-" "Thunder Client (https://www.thunderclient.com)"
::ffff:127.0.0.1 - - [27/Jun/2024:01:39:43 +0000] "POST /api/v1/blogs HTTP/1.1" 401 51 "-" "Thunder Client (https://www.thunderclient.com)"
::ffff:127.0.0.1 - - [27/Jun/2024:01:40:09 +0000] "POST /api/v1/blogs HTTP/1.1" 401 51 "-" "Thunder Client (https://www.thunderclient.com)"
::ffff:127.0.0.1 - - [27/Jun/2024:01:41:32 +0000] "POST /api/v1/blogs HTTP/1.1" 500 1356 "-" "Thunder Client (https://www.thunderclient.com)"
::ffff:127.0.0.1 - - [27/Jun/2024:01:44:19 +0000] "POST /api/v1/auth/login HTTP/1.1" 200 203 "-" "Thunder Client (https://www.thunderclient.com)"
::ffff:127.0.0.1 - - [27/Jun/2024:01:44:45 +0000] "POST /api/v1/blogs HTTP/1.1" 500 1356 "-" "Thunder Client (https://www.thunderclient.com)"
::ffff:127.0.0.1 - - [27/Jun/2024:01:46:08 +0000] "POST /api/v1/blogs HTTP/1.1" 401 45 "-" "Thunder Client (https://www.thunderclient.com)"
::ffff:127.0.0.1 - - [27/Jun/2024:01:46:53 +0000] "POST /api/v1/auth HTTP/1.1" 200 230 "-" "Thunder Client (https://www.thunderclient.com)"
::ffff:127.0.0.1 - - [27/Jun/2024:01:53:32 +0000] "POST /api/v1/auth HTTP/1.1" 500 135 "-" "Thunder Client (https://www.thunderclient.com)"
::ffff:127.0.0.1 - - [27/Jun/2024:01:53:40 +0000] "POST /api/v1/auth/login HTTP/1.1" 200 203 "-" "Thunder Client (https://www.thunderclient.com)"
::ffff:127.0.0.1 - - [27/Jun/2024:01:54:11 +0000] "POST /api/v1/auth/login HTTP/1.1" 400 65 "-" "Thunder Client (https://www.thunderclient.com)"
::ffff:127.0.0.1 - - [27/Jun/2024:01:54:20 +0000] "POST /api/v1/blogs HTTP/1.1" 401 45 "-" "Thunder Client (https://www.thunderclient.com)"
::ffff:127.0.0.1 - - [27/Jun/2024:01:54:23 +0000] "POST /api/v1/blogs HTTP/1.1" 401 45 "-" "Thunder Client (https://www.thunderclient.com)"
::ffff:127.0.0.1 - - [27/Jun/2024:01:54:23 +0000] "POST /api/v1/blogs HTTP/1.1" 401 45 "-" "Thunder Client (https://www.thunderclient.com)"
::ffff:127.0.0.1 - - [27/Jun/2024:01:55:44 +0000] "POST /api/v1/blogs HTTP/1.1" 401 45 "-" "Thunder Client (https://www.thunderclient.com)"
::ffff:127.0.0.1 - - [27/Jun/2024:01:56:41 +0000] "POST /api/v1/blogs HTTP/1.1" 401 45 "-" "Thunder Client (https://www.thunderclient.com)"
::ffff:127.0.0.1 - - [27/Jun/2024:01:56:59 +0000] "GET /api/v1/blogs HTTP/1.1" 200 27 "-" "Thunder Client (https://www.thunderclient.com)"
::ffff:127.0.0.1 - - [27/Jun/2024:01:57:03 +0000] "POST /api/v1/blogs HTTP/1.1" 401 45 "-" "Thunder Client (https://www.thunderclient.com)"
::ffff:127.0.0.1 - - [27/Jun/2024:01:57:49 +0000] "POST /api/v1/blogs HTTP/1.1" 500 506 "-" "Thunder Client (https://www.thunderclient.com)"
::ffff:127.0.0.1 - - [27/Jun/2024:01:58:01 +0000] "POST /api/v1/blogs HTTP/1.1" 500 506 "-" "Thunder Client (https://www.thunderclient.com)"
::ffff:127.0.0.1 - - [27/Jun/2024:01:58:27 +0000] "GET /api/v1/categories HTTP/1.1" 200 128 "-" "Thunder Client (https://www.thunderclient.com)"
::ffff:127.0.0.1 - - [27/Jun/2024:01:59:43 +0000] "GET /api/v1/categories HTTP/1.1" 200 128 "-" "Thunder Client (https://www.thunderclient.com)"
::ffff:127.0.0.1 - - [27/Jun/2024:01:59:50 +0000] "POST /api/v1/blogs HTTP/1.1" 200 280 "-" "Thunder Client (https://www.thunderclient.com)"
::ffff:127.0.0.1 - - [27/Jun/2024:01:59:54 +0000] "GET /api/v1/blogs HTTP/1.1" 200 252 "-" "Thunder Client (https://www.thunderclient.com)"
::ffff:127.0.0.1 - - [27/Jun/2024:02:00:16 +0000] "POST /api/v1/blog/667cc796a5475396528ca120 HTTP/1.1" 404 176 "-" "Thunder Client (https://www.thunderclient.com)"
::ffff:127.0.0.1 - - [27/Jun/2024:02:00:39 +0000] "GET /api/v1/blog/667cc796a5475396528ca120 HTTP/1.1" 404 175 "-" "Thunder Client (https://www.thunderclient.com)"
::ffff:127.0.0.1 - - [27/Jun/2024:02:00:57 +0000] "GET /api/v1/blog/ HTTP/1.1" 404 151 "-" "Thunder Client (https://www.thunderclient.com)"
::ffff:127.0.0.1 - - [27/Jun/2024:02:00:57 +0000] "GET /api/v1/blog/ HTTP/1.1" 404 151 "-" "Thunder Client (https://www.thunderclient.com)"
::ffff:127.0.0.1 - - [27/Jun/2024:02:01:01 +0000] "GET /api/v1/blogs HTTP/1.1" 200 252 "-" "Thunder Client (https://www.thunderclient.com)"
::ffff:127.0.0.1 - - [27/Jun/2024:02:07:38 +0000] "GET /api/v1/blogs/667cc796a5475396528ca120 HTTP/1.1" 200 249 "-" "Thunder Client (https://www.thunderclient.com)"
::ffff:127.0.0.1 - - [27/Jun/2024:02:08:00 +0000] "GET /api/v1/blogs/667cc796a5475396528ca120/like HTTP/1.1" 404 181 "-" "Thunder Client (https://www.thunderclient.com)"
::ffff:127.0.0.1 - - [27/Jun/2024:02:08:36 +0000] "GET /api/v1/blogs/667cc796a5475396528ca120/like HTTP/1.1" 404 181 "-" "Thunder Client (https://www.thunderclient.com)"
::ffff:127.0.0.1 - - [27/Jun/2024:02:08:49 +0000] "GET /api/v1/blogs/667cc796a5475396528ca120 HTTP/1.1" 200 249 "-" "Thunder Client (https://www.thunderclient.com)"
::ffff:127.0.0.1 - - [27/Jun/2024:02:11:47 +0000] "GET /api/v1/blogs/667cc796a5475396528ca120 HTTP/1.1" 200 249 "-" "Thunder Client (https://www.thunderclient.com)"
::ffff:127.0.0.1 - - [27/Jun/2024:02:11:52 +0000] "GET /api/v1/blogs/667cc796a5475396528ca120/like HTTP/1.1" 404 181 "-" "Thunder Client (https://www.thunderclient.com)"
::1 - - [27/Jun/2024:02:12:36 +0000] "GET /todos HTTP/1.1" 404 144 "http://localhost:5173/" "Mozilla/5.0 (X11; Linux x86_64) AppleWebKit/537.36 (KHTML, like Gecko) Chrome/125.0.0.0 Safari/537.36"
::1 - - [27/Jun/2024:02:12:36 +0000] "GET /todos HTTP/1.1" 404 144 "http://localhost:5173/" "Mozilla/5.0 (X11; Linux x86_64) AppleWebKit/537.36 (KHTML, like Gecko) Chrome/125.0.0.0 Safari/537.36"
::ffff:127.0.0.1 - - [27/Jun/2024:02:14:02 +0000] "PUT /api/v1/blogs/667cc796a5475396528ca120/like HTTP/1.1" 200 81 "-" "Thunder Client (https://www.thunderclient.com)"
::ffff:127.0.0.1 - - [27/Jun/2024:02:14:12 +0000] "GET /api/v1/blogs/667cc796a5475396528ca120/ HTTP/1.1" 200 301 "-" "Thunder Client (https://www.thunderclient.com)"
::1 - - [27/Jun/2024:02:22:21 +0000] "GET /blogs HTTP/1.1" 404 144 "http://localhost:5173/" "Mozilla/5.0 (X11; Linux x86_64) AppleWebKit/537.36 (KHTML, like Gecko) Chrome/125.0.0.0 Safari/537.36"
::1 - - [27/Jun/2024:02:22:27 +0000] "GET /blogs HTTP/1.1" 404 144 "http://localhost:5173/" "Mozilla/5.0 (X11; Linux x86_64) AppleWebKit/537.36 (KHTML, like Gecko) Chrome/125.0.0.0 Safari/537.36"
::1 - - [27/Jun/2024:02:22:50 +0000] "GET /api/v1/blogs HTTP/1.1" 200 278 "http://localhost:5173/" "Mozilla/5.0 (X11; Linux x86_64) AppleWebKit/537.36 (KHTML, like Gecko) Chrome/125.0.0.0 Safari/537.36"
::1 - - [27/Jun/2024:02:22:54 +0000] "GET /api/v1/blogs HTTP/1.1" 200 278 "http://localhost:5173/" "Mozilla/5.0 (X11; Linux x86_64) AppleWebKit/537.36 (KHTML, like Gecko) Chrome/125.0.0.0 Safari/537.36"
::1 - - [27/Jun/2024:02:22:54 +0000] "GET /api/v1/blogs HTTP/1.1" 200 278 "http://localhost:5173/" "Mozilla/5.0 (X11; Linux x86_64) AppleWebKit/537.36 (KHTML, like Gecko) Chrome/125.0.0.0 Safari/537.36"
::1 - - [27/Jun/2024:02:23:02 +0000] "GET /api/v1/blogs HTTP/1.1" 200 278 "http://localhost:5173/" "Mozilla/5.0 (X11; Linux x86_64) AppleWebKit/537.36 (KHTML, like Gecko) Chrome/125.0.0.0 Safari/537.36"
::1 - - [27/Jun/2024:02:23:02 +0000] "GET /api/v1/blogs HTTP/1.1" 200 278 "http://localhost:5173/" "Mozilla/5.0 (X11; Linux x86_64) AppleWebKit/537.36 (KHTML, like Gecko) Chrome/125.0.0.0 Safari/537.36"
::1 - - [27/Jun/2024:02:23:18 +0000] "GET /api/v1/blogs HTTP/1.1" 200 278 "http://localhost:5173/" "Mozilla/5.0 (X11; Linux x86_64) AppleWebKit/537.36 (KHTML, like Gecko) Chrome/125.0.0.0 Safari/537.36"
::1 - - [27/Jun/2024:02:23:23 +0000] "GET /api/v1/blogs HTTP/1.1" 200 278 "http://localhost:5173/" "Mozilla/5.0 (X11; Linux x86_64) AppleWebKit/537.36 (KHTML, like Gecko) Chrome/125.0.0.0 Safari/537.36"
::ffff:127.0.0.1 - - [27/Jun/2024:02:24:47 +0000] "GET /api/v1/users HTTP/1.1" 404 151 "-" "Thunder Client (https://www.thunderclient.com)"
::ffff:127.0.0.1 - - [27/Jun/2024:02:24:53 +0000] "GET /api/v1/auth HTTP/1.1" 404 150 "-" "Thunder Client (https://www.thunderclient.com)"
::1 - - [27/Jun/2024:02:27:29 +0000] "GET /api/v1/blogs HTTP/1.1" 200 278 "http://localhost:5173/" "Mozilla/5.0 (X11; Linux x86_64) AppleWebKit/537.36 (KHTML, like Gecko) Chrome/125.0.0.0 Safari/537.36"
::1 - - [27/Jun/2024:02:27:29 +0000] "GET /api/v1/blogs HTTP/1.1" 200 278 "http://localhost:5173/" "Mozilla/5.0 (X11; Linux x86_64) AppleWebKit/537.36 (KHTML, like Gecko) Chrome/125.0.0.0 Safari/537.36"
::1 - - [27/Jun/2024:02:28:07 +0000] "OPTIONS /api/v1/auth/login HTTP/1.1" 200 4 "http://localhost:5173/" "Mozilla/5.0 (X11; Linux x86_64) AppleWebKit/537.36 (KHTML, like Gecko) Chrome/125.0.0.0 Safari/537.36"
::1 - - [27/Jun/2024:02:30:37 +0000] "OPTIONS /api/v1/auth/login HTTP/1.1" 200 4 "http://localhost:5173/" "Mozilla/5.0 (X11; Linux x86_64) AppleWebKit/537.36 (KHTML, like Gecko) Chrome/125.0.0.0 Safari/537.36"
::1 - - [27/Jun/2024:02:31:36 +0000] "OPTIONS /api/v1/auth/login HTTP/1.1" 200 4 "http://localhost:5173/" "Mozilla/5.0 (X11; Linux x86_64) AppleWebKit/537.36 (KHTML, like Gecko) Chrome/125.0.0.0 Safari/537.36"
::ffff:127.0.0.1 - - [27/Jun/2024:02:32:34 +0000] "POST /api/v1/auth/login HTTP/1.1" 200 203 "-" "Thunder Client (https://www.thunderclient.com)"
::1 - - [27/Jun/2024:02:32:48 +0000] "OPTIONS /api/v1/auth/login HTTP/1.1" 200 4 "http://localhost:5173/" "Mozilla/5.0 (X11; Linux x86_64) AppleWebKit/537.36 (KHTML, like Gecko) Chrome/125.0.0.0 Safari/537.36"
::1 - - [27/Jun/2024:02:33:17 +0000] "OPTIONS /api/v1/auth/login HTTP/1.1" 200 4 "http://localhost:5173/" "Mozilla/5.0 (X11; Linux x86_64) AppleWebKit/537.36 (KHTML, like Gecko) Chrome/125.0.0.0 Safari/537.36"
::1 - - [27/Jun/2024:02:33:32 +0000] "OPTIONS /api/v1/auth/login HTTP/1.1" 200 4 "http://localhost:5173/" "Mozilla/5.0 (X11; Linux x86_64) AppleWebKit/537.36 (KHTML, like Gecko) Chrome/125.0.0.0 Safari/537.36"
::ffff:127.0.0.1 - - [27/Jun/2024:02:33:44 +0000] "POST /api/v1/auth/login HTTP/1.1" 200 203 "-" "Thunder Client (https://www.thunderclient.com)"
::1 - - [27/Jun/2024:02:33:54 +0000] "OPTIONS /api/v1/auth/login HTTP/1.1" 200 4 "http://localhost:5173/" "Mozilla/5.0 (X11; Linux x86_64) AppleWebKit/537.36 (KHTML, like Gecko) Chrome/125.0.0.0 Safari/537.36"
::1 - - [27/Jun/2024:02:34:12 +0000] "OPTIONS /api/v1/auth/login HTTP/1.1" 200 4 "http://localhost:5173/" "Mozilla/5.0 (X11; Linux x86_64) AppleWebKit/537.36 (KHTML, like Gecko) Chrome/125.0.0.0 Safari/537.36"
::1 - - [27/Jun/2024:02:35:15 +0000] "OPTIONS /api/v1/auth/login HTTP/1.1" 200 4 "http://localhost:5173/" "Mozilla/5.0 (X11; Linux x86_64) AppleWebKit/537.36 (KHTML, like Gecko) Chrome/125.0.0.0 Safari/537.36"
::1 - - [27/Jun/2024:02:36:08 +0000] "OPTIONS /api/v1/auth/login HTTP/1.1" 200 4 "http://localhost:5173/" "Mozilla/5.0 (X11; Linux x86_64) AppleWebKit/537.36 (KHTML, like Gecko) Chrome/125.0.0.0 Safari/537.36"
::1 - - [27/Jun/2024:02:37:58 +0000] "OPTIONS /api/v1/auth/login HTTP/1.1" 200 4 "http://localhost:5173/" "Mozilla/5.0 (X11; Linux x86_64) AppleWebKit/537.36 (KHTML, like Gecko) Chrome/125.0.0.0 Safari/537.36"
::1 - - [27/Jun/2024:02:38:55 +0000] "OPTIONS /api/v1/auth/login HTTP/1.1" 200 4 "http://localhost:5173/" "Mozilla/5.0 (X11; Linux x86_64) AppleWebKit/537.36 (KHTML, like Gecko) Chrome/125.0.0.0 Safari/537.36"
::1 - - [27/Jun/2024:02:39:29 +0000] "OPTIONS /api/v1/auth/login HTTP/1.1" 200 4 "http://localhost:5173/" "Mozilla/5.0 (X11; Linux x86_64) AppleWebKit/537.36 (KHTML, like Gecko) Chrome/125.0.0.0 Safari/537.36"
::1 - - [27/Jun/2024:02:40:25 +0000] "OPTIONS /api/v1/auth/login HTTP/1.1" 200 4 "http://localhost:5173/" "Mozilla/5.0 (X11; Linux x86_64) AppleWebKit/537.36 (KHTML, like Gecko) Chrome/125.0.0.0 Safari/537.36"
::ffff:127.0.0.1 - - [27/Jun/2024:02:40:35 +0000] "POST /api/v1/auth/login HTTP/1.1" 200 203 "-" "Thunder Client (https://www.thunderclient.com)"
::1 - - [27/Jun/2024:02:43:14 +0000] "OPTIONS /api/v1/auth/login HTTP/1.1" 200 4 "http://localhost:5173/" "Mozilla/5.0 (X11; Linux x86_64) AppleWebKit/537.36 (KHTML, like Gecko) Chrome/125.0.0.0 Safari/537.36"
::1 - - [27/Jun/2024:02:43:19 +0000] "OPTIONS /api/v1/auth/login HTTP/1.1" 200 4 "http://localhost:5173/" "Mozilla/5.0 (X11; Linux x86_64) AppleWebKit/537.36 (KHTML, like Gecko) Chrome/125.0.0.0 Safari/537.36"
::1 - - [27/Jun/2024:02:43:21 +0000] "OPTIONS /api/v1/auth/login HTTP/1.1" 200 4 "http://localhost:5173/" "Mozilla/5.0 (X11; Linux x86_64) AppleWebKit/537.36 (KHTML, like Gecko) Chrome/125.0.0.0 Safari/537.36"
::1 - - [27/Jun/2024:02:43:58 +0000] "OPTIONS /api/v1/auth/login HTTP/1.1" 200 4 "http://localhost:5173/" "Mozilla/5.0 (X11; Linux x86_64) AppleWebKit/537.36 (KHTML, like Gecko) Chrome/125.0.0.0 Safari/537.36"
::1 - - [27/Jun/2024:02:44:19 +0000] "OPTIONS /api/v1/auth/login HTTP/1.1" 200 4 "http://localhost:5173/" "Mozilla/5.0 (X11; Linux x86_64) AppleWebKit/537.36 (KHTML, like Gecko) Chrome/125.0.0.0 Safari/537.36"
::1 - - [27/Jun/2024:02:44:37 +0000] "OPTIONS /api/v1/auth/login HTTP/1.1" 200 4 "http://localhost:5173/" "Mozilla/5.0 (X11; Linux x86_64) AppleWebKit/537.36 (KHTML, like Gecko) Chrome/125.0.0.0 Safari/537.36"
::1 - - [27/Jun/2024:02:44:37 +0000] "OPTIONS /api/v1/auth/login HTTP/1.1" 200 4 "http://localhost:5173/" "Mozilla/5.0 (X11; Linux x86_64) AppleWebKit/537.36 (KHTML, like Gecko) Chrome/125.0.0.0 Safari/537.36"
::ffff:127.0.0.1 - - [27/Jun/2024:02:47:14 +0000] "POST /api/v1/auth/login HTTP/1.1" 200 203 "-" "Thunder Client (https://www.thunderclient.com)"
::ffff:127.0.0.1 - - [27/Jun/2024:02:47:14 +0000] "POST /api/v1/auth/login HTTP/1.1" 200 203 "-" "Thunder Client (https://www.thunderclient.com)"
::ffff:127.0.0.1 - - [27/Jun/2024:02:47:15 +0000] "POST /api/v1/auth/login HTTP/1.1" 200 203 "-" "Thunder Client (https://www.thunderclient.com)"
::ffff:127.0.0.1 - - [27/Jun/2024:02:47:15 +0000] "POST /api/v1/auth/login HTTP/1.1" 200 203 "-" "Thunder Client (https://www.thunderclient.com)"
::ffff:127.0.0.1 - - [27/Jun/2024:02:47:16 +0000] "POST /api/v1/auth/login HTTP/1.1" 200 203 "-" "Thunder Client (https://www.thunderclient.com)"
::ffff:127.0.0.1 - - [27/Jun/2024:02:47:17 +0000] "POST /api/v1/auth/login HTTP/1.1" 200 203 "-" "Thunder Client (https://www.thunderclient.com)"
::ffff:127.0.0.1 - - [27/Jun/2024:02:47:17 +0000] "POST /api/v1/auth/login HTTP/1.1" 200 203 "-" "Thunder Client (https://www.thunderclient.com)"
::ffff:127.0.0.1 - - [27/Jun/2024:02:47:18 +0000] "POST /api/v1/auth/login HTTP/1.1" 200 203 "-" "Thunder Client (https://www.thunderclient.com)"
::ffff:127.0.0.1 - - [27/Jun/2024:02:47:19 +0000] "POST /api/v1/auth/login HTTP/1.1" 200 203 "-" "Thunder Client (https://www.thunderclient.com)"
::ffff:127.0.0.1 - - [27/Jun/2024:02:47:19 +0000] "POST /api/v1/auth/login HTTP/1.1" 200 203 "-" "Thunder Client (https://www.thunderclient.com)"
::ffff:127.0.0.1 - - [27/Jun/2024:02:47:29 +0000] "POST /api/v1/auth/login HTTP/1.1" 200 203 "-" "Thunder Client (https://www.thunderclient.com)"
::ffff:127.0.0.1 - - [27/Jun/2024:02:47:30 +0000] "POST /api/v1/auth/login HTTP/1.1" 200 203 "-" "Thunder Client (https://www.thunderclient.com)"
::ffff:127.0.0.1 - - [27/Jun/2024:02:47:37 +0000] "POST /api/v1/auth/login HTTP/1.1" 200 203 "-" "Thunder Client (https://www.thunderclient.com)"
::ffff:127.0.0.1 - - [27/Jun/2024:02:47:39 +0000] "POST /api/v1/auth/login HTTP/1.1" 200 203 "-" "Thunder Client (https://www.thunderclient.com)"
::1 - - [27/Jun/2024:02:50:00 +0000] "OPTIONS /api/v1/auth/login HTTP/1.1" 200 4 "http://localhost:5173/" "Mozilla/5.0 (X11; Linux x86_64) AppleWebKit/537.36 (KHTML, like Gecko) Chrome/125.0.0.0 Safari/537.36"
::1 - - [27/Jun/2024:02:50:07 +0000] "OPTIONS /api/v1/auth/login HTTP/1.1" 200 4 "http://localhost:5173/" "Mozilla/5.0 (X11; Linux x86_64) AppleWebKit/537.36 (KHTML, like Gecko) Chrome/125.0.0.0 Safari/537.36"
::ffff:127.0.0.1 - - [27/Jun/2024:02:50:29 +0000] "POST /api/v1/auth/login HTTP/1.1" 400 65 "-" "Thunder Client (https://www.thunderclient.com)"
::ffff:127.0.0.1 - - [27/Jun/2024:02:50:35 +0000] "POST /api/v1/auth/logina HTTP/1.1" 404 158 "-" "Thunder Client (https://www.thunderclient.com)"
::ffff:127.0.0.1 - - [27/Jun/2024:02:50:36 +0000] "POST /api/v1/auth/logina HTTP/1.1" 404 158 "-" "Thunder Client (https://www.thunderclient.com)"
::1 - - [27/Jun/2024:02:50:50 +0000] "OPTIONS /api/v1/auth/login HTTP/1.1" 200 4 "http://localhost:5173/" "Mozilla/5.0 (X11; Linux x86_64) AppleWebKit/537.36 (KHTML, like Gecko) Chrome/125.0.0.0 Safari/537.36"
::ffff:127.0.0.1 - - [27/Jun/2024:02:50:53 +0000] "POST /api/v1/auth/login HTTP/1.1" 200 203 "-" "Thunder Client (https://www.thunderclient.com)"
::1 - - [27/Jun/2024:02:52:13 +0000] "OPTIONS /api/v1/auth/login HTTP/1.1" 200 4 "http://localhost:5173/" "Mozilla/5.0 (X11; Linux x86_64) AppleWebKit/537.36 (KHTML, like Gecko) Chrome/125.0.0.0 Safari/537.36"
::ffff:127.0.0.1 - - [27/Jun/2024:02:52:28 +0000] "POST /api/v1/auth/login HTTP/1.1" 200 203 "-" "Thunder Client (https://www.thunderclient.com)"
::1 - - [27/Jun/2024:02:55:39 +0000] "OPTIONS /api/v1/auth/login HTTP/1.1" 200 4 "http://localhost:5173/" "Mozilla/5.0 (X11; Linux x86_64) AppleWebKit/537.36 (KHTML, like Gecko) Chrome/125.0.0.0 Safari/537.36"
::1 - - [27/Jun/2024:02:55:39 +0000] "OPTIONS /api/v1/auth/login HTTP/1.1" 200 4 "http://localhost:5173/" "Mozilla/5.0 (X11; Linux x86_64) AppleWebKit/537.36 (KHTML, like Gecko) Chrome/125.0.0.0 Safari/537.36"
::1 - - [27/Jun/2024:02:55:39 +0000] "OPTIONS /api/v1/auth/login HTTP/1.1" 200 4 "http://localhost:5173/" "Mozilla/5.0 (X11; Linux x86_64) AppleWebKit/537.36 (KHTML, like Gecko) Chrome/125.0.0.0 Safari/537.36"
::1 - - [27/Jun/2024:02:55:39 +0000] "OPTIONS /api/v1/auth/login HTTP/1.1" 200 4 "http://localhost:5173/" "Mozilla/5.0 (X11; Linux x86_64) AppleWebKit/537.36 (KHTML, like Gecko) Chrome/125.0.0.0 Safari/537.36"
::1 - - [27/Jun/2024:02:55:40 +0000] "OPTIONS /api/v1/auth/login HTTP/1.1" 200 4 "http://localhost:5173/" "Mozilla/5.0 (X11; Linux x86_64) AppleWebKit/537.36 (KHTML, like Gecko) Chrome/125.0.0.0 Safari/537.36"
::1 - - [27/Jun/2024:02:55:40 +0000] "OPTIONS /api/v1/auth/login HTTP/1.1" 200 4 "http://localhost:5173/" "Mozilla/5.0 (X11; Linux x86_64) AppleWebKit/537.36 (KHTML, like Gecko) Chrome/125.0.0.0 Safari/537.36"
::1 - - [27/Jun/2024:02:57:43 +0000] "OPTIONS /api/v1/auth/login HTTP/1.1" 200 4 "http://localhost:5173/" "Mozilla/5.0 (X11; Linux x86_64) AppleWebKit/537.36 (KHTML, like Gecko) Chrome/125.0.0.0 Safari/537.36"
::1 - - [27/Jun/2024:02:57:50 +0000] "OPTIONS /api/v1/auth/logins HTTP/1.1" 404 161 "http://localhost:5173/" "Mozilla/5.0 (X11; Linux x86_64) AppleWebKit/537.36 (KHTML, like Gecko) Chrome/125.0.0.0 Safari/537.36"
::1 - - [27/Jun/2024:02:57:59 +0000] "OPTIONS /api/v1/auth/logins HTTP/1.1" 404 161 "http://localhost:5173/" "Mozilla/5.0 (X11; Linux x86_64) AppleWebKit/537.36 (KHTML, like Gecko) Chrome/125.0.0.0 Safari/537.36"
::ffff:127.0.0.1 - - [27/Jun/2024:02:58:08 +0000] "POST /api/v1/auth/login HTTP/1.1" 200 203 "-" "Thunder Client (https://www.thunderclient.com)"
::1 - - [27/Jun/2024:02:58:24 +0000] "OPTIONS /api/v1/auth/login HTTP/1.1" 200 4 "http://localhost:5173/" "Mozilla/5.0 (X11; Linux x86_64) AppleWebKit/537.36 (KHTML, like Gecko) Chrome/125.0.0.0 Safari/537.36"
::1 - - [27/Jun/2024:02:58:38 +0000] "OPTIONS /api/v1/auth/login HTTP/1.1" 200 4 "http://localhost:5173/" "Mozilla/5.0 (X11; Linux x86_64) AppleWebKit/537.36 (KHTML, like Gecko) Chrome/125.0.0.0 Safari/537.36"
::ffff:127.0.0.1 - - [27/Jun/2024:02:59:16 +0000] "POST /api/v1/auth/login HTTP/1.1" 200 203 "-" "Thunder Client (https://www.thunderclient.com)"
::1 - - [27/Jun/2024:03:00:22 +0000] "OPTIONS /api/v1/auth/login HTTP/1.1" 200 4 "http://localhost:5173/" "Mozilla/5.0 (X11; Linux x86_64) AppleWebKit/537.36 (KHTML, like Gecko) Chrome/125.0.0.0 Safari/537.36"
::1 - - [27/Jun/2024:03:06:01 +0000] "OPTIONS /api/v1/auth/login HTTP/1.1" 200 4 "http://localhost:5173/" "Mozilla/5.0 (X11; Linux x86_64) AppleWebKit/537.36 (KHTML, like Gecko) Chrome/125.0.0.0 Safari/537.36"
::1 - - [27/Jun/2024:03:06:49 +0000] "OPTIONS /api/v1/auth/login HTTP/1.1" 200 4 "http://localhost:5173/" "Mozilla/5.0 (X11; Linux x86_64) AppleWebKit/537.36 (KHTML, like Gecko) Chrome/125.0.0.0 Safari/537.36"
::1 - - [27/Jun/2024:03:06:52 +0000] "OPTIONS /api/v1/auth/login HTTP/1.1" 200 4 "http://localhost:5173/" "Mozilla/5.0 (X11; Linux x86_64) AppleWebKit/537.36 (KHTML, like Gecko) Chrome/125.0.0.0 Safari/537.36"
::1 - - [27/Jun/2024:03:08:17 +0000] "POST /api/v1/auth/login HTTP/1.1" 400 65 "http://localhost:5173/" "Mozilla/5.0 (X11; Linux x86_64) AppleWebKit/537.36 (KHTML, like Gecko) Chrome/125.0.0.0 Safari/537.36"
::1 - - [27/Jun/2024:03:09:02 +0000] "POST /api/v1/auth/login HTTP/1.1" 400 65 "http://localhost:5173/" "Mozilla/5.0 (X11; Linux x86_64) AppleWebKit/537.36 (KHTML, like Gecko) Chrome/125.0.0.0 Safari/537.36"
::1 - - [27/Jun/2024:03:09:57 +0000] "POST /api/v1/auth/login HTTP/1.1" 400 65 "http://localhost:5173/" "Mozilla/5.0 (X11; Linux x86_64) AppleWebKit/537.36 (KHTML, like Gecko) Chrome/125.0.0.0 Safari/537.36"
::1 - - [27/Jun/2024:03:10:05 +0000] "POST /api/v1/auth/login HTTP/1.1" 400 65 "http://localhost:5173/" "Mozilla/5.0 (X11; Linux x86_64) AppleWebKit/537.36 (KHTML, like Gecko) Chrome/125.0.0.0 Safari/537.36"
::1 - - [27/Jun/2024:03:10:14 +0000] "POST /api/v1/auth/login HTTP/1.1" 400 65 "http://localhost:5173/" "Mozilla/5.0 (X11; Linux x86_64) AppleWebKit/537.36 (KHTML, like Gecko) Chrome/125.0.0.0 Safari/537.36"
::1 - - [27/Jun/2024:03:10:29 +0000] "POST /api/v1/auth/login HTTP/1.1" 400 65 "http://localhost:5173/" "Mozilla/5.0 (X11; Linux x86_64) AppleWebKit/537.36 (KHTML, like Gecko) Chrome/125.0.0.0 Safari/537.36"
::1 - - [27/Jun/2024:03:11:03 +0000] "POST /api/v1/auth/login HTTP/1.1" 400 65 "http://localhost:5173/" "Mozilla/5.0 (X11; Linux x86_64) AppleWebKit/537.36 (KHTML, like Gecko) Chrome/125.0.0.0 Safari/537.36"
::1 - - [27/Jun/2024:03:11:38 +0000] "POST /api/v1/auth/login HTTP/1.1" 400 65 "http://localhost:5173/" "Mozilla/5.0 (X11; Linux x86_64) AppleWebKit/537.36 (KHTML, like Gecko) Chrome/125.0.0.0 Safari/537.36"
::1 - - [27/Jun/2024:03:11:57 +0000] "POST /api/v1/auth/login HTTP/1.1" 400 59 "http://localhost:5173/" "Mozilla/5.0 (X11; Linux x86_64) AppleWebKit/537.36 (KHTML, like Gecko) Chrome/125.0.0.0 Safari/537.36"
::1 - - [27/Jun/2024:03:12:03 +0000] "POST /api/v1/auth/login HTTP/1.1" 200 203 "http://localhost:5173/" "Mozilla/5.0 (X11; Linux x86_64) AppleWebKit/537.36 (KHTML, like Gecko) Chrome/125.0.0.0 Safari/537.36"
::1 - - [27/Jun/2024:03:12:09 +0000] "POST /api/v1/auth/login HTTP/1.1" 400 65 "http://localhost:5173/" "Mozilla/5.0 (X11; Linux x86_64) AppleWebKit/537.36 (KHTML, like Gecko) Chrome/125.0.0.0 Safari/537.36"
::1 - - [27/Jun/2024:03:12:15 +0000] "POST /api/v1/auth/login HTTP/1.1" 200 203 "http://localhost:5173/" "Mozilla/5.0 (X11; Linux x86_64) AppleWebKit/537.36 (KHTML, like Gecko) Chrome/125.0.0.0 Safari/537.36"
::1 - - [27/Jun/2024:03:12:40 +0000] "POST /api/v1/auth/login HTTP/1.1" 400 65 "http://localhost:5173/" "Mozilla/5.0 (X11; Linux x86_64) AppleWebKit/537.36 (KHTML, like Gecko) Chrome/125.0.0.0 Safari/537.36"
::1 - - [27/Jun/2024:03:13:14 +0000] "POST /api/v1/auth/login HTTP/1.1" 400 59 "http://localhost:5173/" "Mozilla/5.0 (X11; Linux x86_64) AppleWebKit/537.36 (KHTML, like Gecko) Chrome/125.0.0.0 Safari/537.36"
::1 - - [27/Jun/2024:03:14:23 +0000] "POST /api/v1/auth/login HTTP/1.1" 400 59 "http://localhost:5173/" "Mozilla/5.0 (X11; Linux x86_64) AppleWebKit/537.36 (KHTML, like Gecko) Chrome/125.0.0.0 Safari/537.36"
::1 - - [27/Jun/2024:03:14:24 +0000] "POST /api/v1/auth/login HTTP/1.1" 400 59 "http://localhost:5173/" "Mozilla/5.0 (X11; Linux x86_64) AppleWebKit/537.36 (KHTML, like Gecko) Chrome/125.0.0.0 Safari/537.36"
::1 - - [27/Jun/2024:03:14:28 +0000] "POST /api/v1/auth/login HTTP/1.1" 200 203 "http://localhost:5173/" "Mozilla/5.0 (X11; Linux x86_64) AppleWebKit/537.36 (KHTML, like Gecko) Chrome/125.0.0.0 Safari/537.36"
::1 - - [27/Jun/2024:03:14:54 +0000] "POST /api/v1/auth/login HTTP/1.1" 400 65 "http://localhost:5173/" "Mozilla/5.0 (X11; Linux x86_64) AppleWebKit/537.36 (KHTML, like Gecko) Chrome/125.0.0.0 Safari/537.36"
::1 - - [27/Jun/2024:03:15:00 +0000] "POST /api/v1/auth/login HTTP/1.1" 400 59 "http://localhost:5173/" "Mozilla/5.0 (X11; Linux x86_64) AppleWebKit/537.36 (KHTML, like Gecko) Chrome/125.0.0.0 Safari/537.36"
::1 - - [27/Jun/2024:03:15:09 +0000] "POST /api/v1/auth/login HTTP/1.1" 400 59 "http://localhost:5173/" "Mozilla/5.0 (X11; Linux x86_64) AppleWebKit/537.36 (KHTML, like Gecko) Chrome/125.0.0.0 Safari/537.36"
::1 - - [27/Jun/2024:03:17:28 +0000] "POST /api/v1/auth/login HTTP/1.1" 400 59 "http://localhost:5173/" "Mozilla/5.0 (X11; Linux x86_64) AppleWebKit/537.36 (KHTML, like Gecko) Chrome/125.0.0.0 Safari/537.36"
::1 - - [27/Jun/2024:03:17:42 +0000] "POST /api/v1/auth/login HTTP/1.1" 400 59 "http://localhost:5173/" "Mozilla/5.0 (X11; Linux x86_64) AppleWebKit/537.36 (KHTML, like Gecko) Chrome/125.0.0.0 Safari/537.36"
::1 - - [27/Jun/2024:03:17:57 +0000] "POST /api/v1/auth/login HTTP/1.1" 400 59 "http://localhost:5173/" "Mozilla/5.0 (X11; Linux x86_64) AppleWebKit/537.36 (KHTML, like Gecko) Chrome/125.0.0.0 Safari/537.36"
::1 - - [27/Jun/2024:03:18:03 +0000] "POST /api/v1/auth/login HTTP/1.1" 400 59 "http://localhost:5173/" "Mozilla/5.0 (X11; Linux x86_64) AppleWebKit/537.36 (KHTML, like Gecko) Chrome/125.0.0.0 Safari/537.36"
::1 - - [27/Jun/2024:03:18:24 +0000] "POST /api/v1/auth/login HTTP/1.1" 400 59 "http://localhost:5173/" "Mozilla/5.0 (X11; Linux x86_64) AppleWebKit/537.36 (KHTML, like Gecko) Chrome/125.0.0.0 Safari/537.36"
::1 - - [27/Jun/2024:03:18:27 +0000] "POST /api/v1/auth/login HTTP/1.1" 400 59 "http://localhost:5173/" "Mozilla/5.0 (X11; Linux x86_64) AppleWebKit/537.36 (KHTML, like Gecko) Chrome/125.0.0.0 Safari/537.36"
::1 - - [27/Jun/2024:03:18:32 +0000] "POST /api/v1/auth/login HTTP/1.1" 200 203 "http://localhost:5173/" "Mozilla/5.0 (X11; Linux x86_64) AppleWebKit/537.36 (KHTML, like Gecko) Chrome/125.0.0.0 Safari/537.36"
::1 - - [27/Jun/2024:03:19:48 +0000] "POST /api/v1/auth/login HTTP/1.1" 400 59 "http://localhost:5173/" "Mozilla/5.0 (X11; Linux x86_64) AppleWebKit/537.36 (KHTML, like Gecko) Chrome/125.0.0.0 Safari/537.36"
::1 - - [27/Jun/2024:03:20:56 +0000] "POST /api/v1/auth/login HTTP/1.1" 400 59 "http://localhost:5173/" "Mozilla/5.0 (X11; Linux x86_64) AppleWebKit/537.36 (KHTML, like Gecko) Chrome/125.0.0.0 Safari/537.36"
::1 - - [27/Jun/2024:03:22:23 +0000] "POST /api/v1/auth/login HTTP/1.1" 400 59 "http://localhost:5173/" "Mozilla/5.0 (X11; Linux x86_64) AppleWebKit/537.36 (KHTML, like Gecko) Chrome/125.0.0.0 Safari/537.36"
::1 - - [27/Jun/2024:03:22:48 +0000] "POST /api/v1/auth/login HTTP/1.1" 400 59 "http://localhost:5173/" "Mozilla/5.0 (X11; Linux x86_64) AppleWebKit/537.36 (KHTML, like Gecko) Chrome/125.0.0.0 Safari/537.36"
::1 - - [27/Jun/2024:03:25:15 +0000] "POST /api/v1/auth/login HTTP/1.1" 400 59 "http://localhost:5173/" "Mozilla/5.0 (X11; Linux x86_64) AppleWebKit/537.36 (KHTML, like Gecko) Chrome/125.0.0.0 Safari/537.36"
::1 - - [27/Jun/2024:03:26:30 +0000] "POST /api/v1/auth/login HTTP/1.1" 400 59 "http://localhost:5173/" "Mozilla/5.0 (X11; Linux x86_64) AppleWebKit/537.36 (KHTML, like Gecko) Chrome/125.0.0.0 Safari/537.36"
::1 - - [27/Jun/2024:03:26:34 +0000] "POST /api/v1/auth/login HTTP/1.1" 200 203 "http://localhost:5173/" "Mozilla/5.0 (X11; Linux x86_64) AppleWebKit/537.36 (KHTML, like Gecko) Chrome/125.0.0.0 Safari/537.36"
::1 - - [27/Jun/2024:03:26:42 +0000] "POST /api/v1/auth/login HTTP/1.1" 400 59 "http://localhost:5173/" "Mozilla/5.0 (X11; Linux x86_64) AppleWebKit/537.36 (KHTML, like Gecko) Chrome/125.0.0.0 Safari/537.36"
::1 - - [27/Jun/2024:03:26:46 +0000] "POST /api/v1/auth/login HTTP/1.1" 400 59 "http://localhost:5173/" "Mozilla/5.0 (X11; Linux x86_64) AppleWebKit/537.36 (KHTML, like Gecko) Chrome/125.0.0.0 Safari/537.36"
::1 - - [27/Jun/2024:03:27:04 +0000] "POST /api/v1/auth/login HTTP/1.1" 400 59 "http://localhost:5173/" "Mozilla/5.0 (X11; Linux x86_64) AppleWebKit/537.36 (KHTML, like Gecko) Chrome/125.0.0.0 Safari/537.36"
::1 - - [27/Jun/2024:03:27:29 +0000] "POST /api/v1/auth/login HTTP/1.1" 400 59 "http://localhost:5173/" "Mozilla/5.0 (X11; Linux x86_64) AppleWebKit/537.36 (KHTML, like Gecko) Chrome/125.0.0.0 Safari/537.36"
::1 - - [27/Jun/2024:03:27:33 +0000] "POST /api/v1/auth/login HTTP/1.1" 200 203 "http://localhost:5173/" "Mozilla/5.0 (X11; Linux x86_64) AppleWebKit/537.36 (KHTML, like Gecko) Chrome/125.0.0.0 Safari/537.36"
::1 - - [27/Jun/2024:03:27:40 +0000] "POST /api/v1/auth/login HTTP/1.1" 400 59 "http://localhost:5173/" "Mozilla/5.0 (X11; Linux x86_64) AppleWebKit/537.36 (KHTML, like Gecko) Chrome/125.0.0.0 Safari/537.36"
::1 - - [27/Jun/2024:03:32:10 +0000] "POST /api/v1/auth/login HTTP/1.1" 400 59 "http://localhost:5173/" "Mozilla/5.0 (X11; Linux x86_64) AppleWebKit/537.36 (KHTML, like Gecko) Chrome/125.0.0.0 Safari/537.36"
::1 - - [27/Jun/2024:03:32:36 +0000] "POST /api/v1/auth/login HTTP/1.1" 400 59 "http://localhost:5173/" "Mozilla/5.0 (X11; Linux x86_64) AppleWebKit/537.36 (KHTML, like Gecko) Chrome/125.0.0.0 Safari/537.36"
::1 - - [27/Jun/2024:03:33:13 +0000] "POST /api/v1/auth/login HTTP/1.1" 400 59 "http://localhost:5173/" "Mozilla/5.0 (X11; Linux x86_64) AppleWebKit/537.36 (KHTML, like Gecko) Chrome/125.0.0.0 Safari/537.36"
::1 - - [27/Jun/2024:03:33:33 +0000] "POST /api/v1/auth/login HTTP/1.1" 400 59 "http://localhost:5173/" "Mozilla/5.0 (X11; Linux x86_64) AppleWebKit/537.36 (KHTML, like Gecko) Chrome/125.0.0.0 Safari/537.36"
::1 - - [27/Jun/2024:03:33:48 +0000] "POST /api/v1/auth/login HTTP/1.1" 400 59 "http://localhost:5173/" "Mozilla/5.0 (X11; Linux x86_64) AppleWebKit/537.36 (KHTML, like Gecko) Chrome/125.0.0.0 Safari/537.36"
::1 - - [27/Jun/2024:03:34:18 +0000] "POST /api/v1/auth/login HTTP/1.1" 400 59 "http://localhost:5173/" "Mozilla/5.0 (X11; Linux x86_64) AppleWebKit/537.36 (KHTML, like Gecko) Chrome/125.0.0.0 Safari/537.36"
::1 - - [27/Jun/2024:03:35:39 +0000] "POST /api/v1/auth/login HTTP/1.1" 400 59 "http://localhost:5173/" "Mozilla/5.0 (X11; Linux x86_64) AppleWebKit/537.36 (KHTML, like Gecko) Chrome/125.0.0.0 Safari/537.36"
::1 - - [27/Jun/2024:03:35:52 +0000] "POST /api/v1/auth/login HTTP/1.1" 400 59 "http://localhost:5173/" "Mozilla/5.0 (X11; Linux x86_64) AppleWebKit/537.36 (KHTML, like Gecko) Chrome/125.0.0.0 Safari/537.36"
::1 - - [27/Jun/2024:03:37:15 +0000] "POST /api/v1/auth/login HTTP/1.1" 400 59 "http://localhost:5173/" "Mozilla/5.0 (X11; Linux x86_64) AppleWebKit/537.36 (KHTML, like Gecko) Chrome/125.0.0.0 Safari/537.36"
::1 - - [27/Jun/2024:03:37:16 +0000] "POST /api/v1/auth/login HTTP/1.1" 400 59 "http://localhost:5173/" "Mozilla/5.0 (X11; Linux x86_64) AppleWebKit/537.36 (KHTML, like Gecko) Chrome/125.0.0.0 Safari/537.36"
::1 - - [27/Jun/2024:03:37:38 +0000] "POST /api/v1/auth/login HTTP/1.1" 400 59 "http://localhost:5173/" "Mozilla/5.0 (X11; Linux x86_64) AppleWebKit/537.36 (KHTML, like Gecko) Chrome/125.0.0.0 Safari/537.36"
::1 - - [27/Jun/2024:03:37:50 +0000] "POST /api/v1/auth/login HTTP/1.1" 400 59 "http://localhost:5173/" "Mozilla/5.0 (X11; Linux x86_64) AppleWebKit/537.36 (KHTML, like Gecko) Chrome/125.0.0.0 Safari/537.36"
::1 - - [27/Jun/2024:03:37:58 +0000] "POST /api/v1/auth/login HTTP/1.1" 400 59 "http://localhost:5173/" "Mozilla/5.0 (X11; Linux x86_64) AppleWebKit/537.36 (KHTML, like Gecko) Chrome/125.0.0.0 Safari/537.36"
::1 - - [27/Jun/2024:03:38:31 +0000] "POST /api/v1/auth/login HTTP/1.1" 400 59 "http://localhost:5173/" "Mozilla/5.0 (X11; Linux x86_64) AppleWebKit/537.36 (KHTML, like Gecko) Chrome/125.0.0.0 Safari/537.36"
::1 - - [27/Jun/2024:03:41:59 +0000] "POST /api/v1/auth/login HTTP/1.1" 200 203 "http://localhost:5173/" "Mozilla/5.0 (X11; Linux x86_64) AppleWebKit/537.36 (KHTML, like Gecko) Chrome/125.0.0.0 Safari/537.36"
::1 - - [27/Jun/2024:03:42:56 +0000] "POST /api/v1/auth/login HTTP/1.1" 400 59 "http://localhost:5173/" "Mozilla/5.0 (X11; Linux x86_64) AppleWebKit/537.36 (KHTML, like Gecko) Chrome/125.0.0.0 Safari/537.36"
::1 - - [27/Jun/2024:03:43:01 +0000] "POST /api/v1/auth/login HTTP/1.1" 200 203 "http://localhost:5173/" "Mozilla/5.0 (X11; Linux x86_64) AppleWebKit/537.36 (KHTML, like Gecko) Chrome/125.0.0.0 Safari/537.36"
::1 - - [27/Jun/2024:03:43:33 +0000] "POST /api/v1/auth/login HTTP/1.1" 200 203 "http://localhost:5173/" "Mozilla/5.0 (X11; Linux x86_64) AppleWebKit/537.36 (KHTML, like Gecko) Chrome/125.0.0.0 Safari/537.36"
::1 - - [27/Jun/2024:03:43:46 +0000] "POST /api/v1/auth/login HTTP/1.1" 200 203 "http://localhost:5173/" "Mozilla/5.0 (X11; Linux x86_64) AppleWebKit/537.36 (KHTML, like Gecko) Chrome/125.0.0.0 Safari/537.36"
::1 - - [27/Jun/2024:03:44:00 +0000] "POST /api/v1/auth/login HTTP/1.1" 200 203 "http://localhost:5173/" "Mozilla/5.0 (X11; Linux x86_64) AppleWebKit/537.36 (KHTML, like Gecko) Chrome/125.0.0.0 Safari/537.36"
::1 - - [27/Jun/2024:03:44:07 +0000] "POST /api/v1/auth/login HTTP/1.1" 200 203 "http://localhost:5173/" "Mozilla/5.0 (X11; Linux x86_64) AppleWebKit/537.36 (KHTML, like Gecko) Chrome/125.0.0.0 Safari/537.36"
::1 - - [27/Jun/2024:03:44:44 +0000] "POST /api/v1/auth/login HTTP/1.1" 200 203 "http://localhost:5173/" "Mozilla/5.0 (X11; Linux x86_64) AppleWebKit/537.36 (KHTML, like Gecko) Chrome/125.0.0.0 Safari/537.36"
::1 - - [27/Jun/2024:03:44:46 +0000] "POST /api/v1/auth/login HTTP/1.1" 200 203 "http://localhost:5173/" "Mozilla/5.0 (X11; Linux x86_64) AppleWebKit/537.36 (KHTML, like Gecko) Chrome/125.0.0.0 Safari/537.36"
::1 - - [27/Jun/2024:03:44:49 +0000] "POST /api/v1/auth/login HTTP/1.1" 400 59 "http://localhost:5173/" "Mozilla/5.0 (X11; Linux x86_64) AppleWebKit/537.36 (KHTML, like Gecko) Chrome/125.0.0.0 Safari/537.36"
::1 - - [27/Jun/2024:03:45:01 +0000] "POST /api/v1/auth/login HTTP/1.1" 400 59 "http://localhost:5173/" "Mozilla/5.0 (X11; Linux x86_64) AppleWebKit/537.36 (KHTML, like Gecko) Chrome/125.0.0.0 Safari/537.36"
::1 - - [27/Jun/2024:03:45:05 +0000] "POST /api/v1/auth/login HTTP/1.1" 200 203 "http://localhost:5173/" "Mozilla/5.0 (X11; Linux x86_64) AppleWebKit/537.36 (KHTML, like Gecko) Chrome/125.0.0.0 Safari/537.36"
::1 - - [27/Jun/2024:03:45:08 +0000] "POST /api/v1/auth/login HTTP/1.1" 200 203 "http://localhost:5173/" "Mozilla/5.0 (X11; Linux x86_64) AppleWebKit/537.36 (KHTML, like Gecko) Chrome/125.0.0.0 Safari/537.36"
::1 - - [27/Jun/2024:03:45:09 +0000] "POST /api/v1/auth/login HTTP/1.1" 200 203 "http://localhost:5173/" "Mozilla/5.0 (X11; Linux x86_64) AppleWebKit/537.36 (KHTML, like Gecko) Chrome/125.0.0.0 Safari/537.36"
::1 - - [27/Jun/2024:03:45:09 +0000] "POST /api/v1/auth/login HTTP/1.1" 200 203 "http://localhost:5173/" "Mozilla/5.0 (X11; Linux x86_64) AppleWebKit/537.36 (KHTML, like Gecko) Chrome/125.0.0.0 Safari/537.36"
::1 - - [27/Jun/2024:03:45:09 +0000] "POST /api/v1/auth/login HTTP/1.1" 200 203 "http://localhost:5173/" "Mozilla/5.0 (X11; Linux x86_64) AppleWebKit/537.36 (KHTML, like Gecko) Chrome/125.0.0.0 Safari/537.36"
::1 - - [27/Jun/2024:03:45:09 +0000] "POST /api/v1/auth/login HTTP/1.1" 200 203 "http://localhost:5173/" "Mozilla/5.0 (X11; Linux x86_64) AppleWebKit/537.36 (KHTML, like Gecko) Chrome/125.0.0.0 Safari/537.36"
::1 - - [27/Jun/2024:03:45:19 +0000] "POST /api/v1/auth/login HTTP/1.1" 200 203 "http://localhost:5173/" "Mozilla/5.0 (X11; Linux x86_64) AppleWebKit/537.36 (KHTML, like Gecko) Chrome/125.0.0.0 Safari/537.36"
::1 - - [27/Jun/2024:03:46:38 +0000] "POST /api/v1/auth/login HTTP/1.1" 200 203 "http://localhost:5173/" "Mozilla/5.0 (X11; Linux x86_64) AppleWebKit/537.36 (KHTML, like Gecko) Chrome/125.0.0.0 Safari/537.36"
::1 - - [27/Jun/2024:03:48:54 +0000] "POST /api/v1/auth/login HTTP/1.1" 400 59 "http://localhost:5173/" "Mozilla/5.0 (X11; Linux x86_64) AppleWebKit/537.36 (KHTML, like Gecko) Chrome/125.0.0.0 Safari/537.36"
::1 - - [27/Jun/2024:03:49:20 +0000] "POST /api/v1/auth/login HTTP/1.1" 400 59 "http://localhost:5173/" "Mozilla/5.0 (X11; Linux x86_64) AppleWebKit/537.36 (KHTML, like Gecko) Chrome/125.0.0.0 Safari/537.36"
::1 - - [27/Jun/2024:03:49:50 +0000] "POST /api/v1/auth/login HTTP/1.1" 400 59 "http://localhost:5173/" "Mozilla/5.0 (X11; Linux x86_64) AppleWebKit/537.36 (KHTML, like Gecko) Chrome/125.0.0.0 Safari/537.36"
::1 - - [27/Jun/2024:03:50:27 +0000] "POST /api/v1/auth/login HTTP/1.1" 400 59 "http://localhost:5173/" "Mozilla/5.0 (X11; Linux x86_64) AppleWebKit/537.36 (KHTML, like Gecko) Chrome/125.0.0.0 Safari/537.36"
::1 - - [27/Jun/2024:03:50:48 +0000] "POST /api/v1/auth/login HTTP/1.1" 400 59 "http://localhost:5173/" "Mozilla/5.0 (X11; Linux x86_64) AppleWebKit/537.36 (KHTML, like Gecko) Chrome/125.0.0.0 Safari/537.36"
::1 - - [27/Jun/2024:04:56:56 +0000] "POST /api/v1/auth/login HTTP/1.1" 200 203 "http://localhost:5173/" "Mozilla/5.0 (X11; Linux x86_64) AppleWebKit/537.36 (KHTML, like Gecko) Chrome/125.0.0.0 Safari/537.36"
